01-05 14:31:40.130 14220 14220 E wpa_supp: bssid=a8:bd:27:39:de:a4;freq=2462;level=-59;flags=11;ssid=PA_WLAN_GUEST;
01-05 14:31:40.131 14220 14220 E wpa_supp: bssid=a8:bd:27:39:de:a3;freq=2462;level=-59;flags=11;ssid=apple;
01-05 14:31:40.131 14220 14220 E wpa_supp: bssid=a8:bd:27:39:de:a0;freq=2462;level=-59;flags=11;ssid=PA_WLAN;
01-05 14:31:40.131 14220 14220 E wpa_supp: bssid=2e:bb:58:7a:9e:de;freq=2462;level=-68;flags=11;ssid=LieBaoWiFi965;
01-05 14:31:40.131 14220 14220 E wpa_supp: bssid=a8:bd:27:39:da:e4;freq=2462;level=-76;flags=11;ssid=PA_WLAN_GUEST;
01-05 14:31:40.131 14220 14220 E wpa_supp: bssid=a8:bd:27:39:da:e3;freq=2462;level=-76;flags=11;ssid=apple;
01-05 14:31:40.131 14220 14220 E wpa_supp: bssid=a8:bd:27:39:d7:a4;freq=2462;level=-83;flags=11;ssid=PA_WLAN_GUEST;
01-05 14:31:40.132 14220 14220 E wpa_supp: bssid=a8:bd:27:39:d7:a3;freq=2462;level=-83;flags=11;ssid=apple;
01-05 14:31:40.132 14220 14220 E wpa_supp: bssid=a8:bd:27:39:de:a4;freq=2462;level=-59;flags=11;ssid=PA_WLAN_GUEST;
01-05 14:31:40.132 14220 14220 E wpa_supp: bssid=a8:bd:27:39:de:a3;freq=2462;level=-59;flags=11;ssid=apple;
01-05 14:31:40.133 14220 14220 E wpa_supp: bssid=a8:bd:27:39:de:a0;freq=2462;level=-59;flags=11;ssid=PA_WLAN;
01-05 14:31:40.133 14220 14220 E wpa_supp: bssid=2e:bb:58:7a:9e:de;freq=2462;level=-68;flags=11;ssid=LieBaoWiFi965;
01-05 14:31:40.133 14220 14220 E wpa_supp: bssid=a8:bd:27:39:da:e4;freq=2462;level=-76;flags=11;ssid=PA_WLAN_GUEST;
01-05 14:31:40.133 14220 14220 E wpa_supp: bssid=a8:bd:27:39:da:e3;freq=2462;level=-76;flags=11;ssid=apple;
01-05 14:31:40.133 14220 14220 E wpa_supp: bssid=a8:bd:27:39:d7:a4;freq=2462;level=-83;flags=11;ssid=PA_WLAN_GUEST;
01-05 14:31:40.133 14220 14220 E wpa_supp: bssid=a8:bd:27:39:d7:a3;freq=2462;level=-83;flags=11;ssid=apple;
01-05 14:31:40.134 14220 14220 E wpa_supp: bssid=a8:bd:27:39:de:a1;freq=2462;level=-59;flags=11;ssid=PingAnNet;
01-05 14:31:40.136 14220 14220 E wpa_supp: bssid=a8:bd:27:39:de:a1;freq=2462;level=-59;flags=11;ssid=PingAnNet;
01-05 14:31:42.779   778   778 E Thermal-daemon: [Thermal_Hw] temperature_valid, battery : temperature is invalid, invalid temperatrue is 29
01-05 14:31:42.779   778   778 E Thermal-daemon: [Thermal_Hw] temperature_filter: get invalid temperature, use old temp
01-05 14:31:43.005 14220 14220 E wpa_supp: RSSI=-56;LINKSPEED=72;NOISE=9999;FREQUENCY=2412;
01-05 14:31:43.006  1951  2164 E WifiConfigManager: updateConfiguration freq=2412 BSSID=54:25:ea:0f:71:bb RSSI=-55 "HUAWEI -ceshi"WPA_PSK
01-05 14:31:43.800  1951  2205 E HwCHRWifiRSSIGroupSummery: updatArpSummery mRSSI:-56  HwCHRWifiRSSIGroup [rssi_index=4, rtt_tcp_packets=12957, rtt_tcp_duration=233311, rtt_lan_duration=1240, rtt_lan_failures=0, rtt_lan_succ=27, rtt_lan_max=543, rtt_lan_min=4,same_area_frequency=0,adjacent_area_frequency=0]
01-05 14:31:43.832  1951  2205 E HwCHRWebMonitor: WebMonitor [mNetWorkIsSuck=0 mUIDIsSuck=]  WebSpeed [WEBSENDSEGS=0  WEBRESENDSEGS=0  WEBRECVSEGS=0  WEBERRSEGS=0  WEBOUTRSTS=0  WEBESTABLISRST=0  WEBRTTDURATION=0  WEBRTTSEGS=0  WEBSRTT=800  WEBSNDDUPACKS=0  SENDSEGS=0  RESENDSEGS=0  RECVSEGS=0  ERRSEGS=0  OUTRSTS=0  ESTABLISRST=0  RTTDURATION=0  RTTSEGS=0  SNDDUPACKS=0  suckTimes=0 recovage_times=0]
01-05 14:31:43.832  1951  2205 E HwCHRWifiRSSIGroupSummery: updateTcpSummery mRSSI:-56  HwCHRWifiRSSIGroup [rssi_index=4, rtt_tcp_packets=12957, rtt_tcp_duration=233311, rtt_lan_duration=1240, rtt_lan_failures=0, rtt_lan_succ=27, rtt_lan_max=543, rtt_lan_min=4,same_area_frequency=0,adjacent_area_frequency=0]
01-05 14:31:43.847  1951  2205 E HwCHRWebMonitor: HwCHRWifiPacketCnt [mTXGood=1, mTXbad=0, mRXGood=5] rssi=-56
01-05 14:31:43.848  1951  2205 E HwCHRWebMonitor: running processName=com.huawei.hidisk
01-05 14:31:44.141  3205  3205 E PTM.FileNodeInfo: getTempInfo error: null, 0
01-05 14:31:44.141  3205  3205 E PTM.FileNodeInfo: getTempInfo error: null, 0
01-05 14:31:44.141  3205  3205 E PTM.FileNodeInfo: getTempInfo error: null, 0
01-05 14:31:44.141  3205  3205 E PTM.FileNodeInfo: getTempInfo error: null, 0
01-05 14:31:44.141  3205  3205 E PTM.FileNodeInfo: getTempInfo error: null, 0
01-05 14:31:44.141  3205  3205 E PTM.FileNodeInfo: getTempInfo error: null, 0
01-05 14:31:44.141  3205  3205 E PTM.FileNodeInfo: getTempInfo error: null, 0
01-05 14:31:44.141  3205  3205 E PTM.FileNodeInfo: getTempInfo error: null, 0
01-05 14:31:44.141  3205  3205 E PTM.FileNodeInfo: getTempInfo error: null, 0
01-05 14:31:44.141  3205  3205 E PTM.FileNodeInfo: getTempInfo error: null, 0
01-05 14:31:44.141  3205  3205 E PTM.FileNodeInfo: getTempInfo error: null, 0
01-05 14:31:44.141  3205  3205 E PTM.FileNodeInfo: getTempInfo error: null, 0
01-05 14:31:44.141  3205  3205 E PTM.FileNodeInfo: getTempInfo error: null, 0
01-05 14:31:44.141  3205  3205 E PTM.FileNodeInfo: getTempInfo error: null, 0
01-05 14:31:44.141  3205  3205 E PTM.FileNodeInfo: getTempInfo error: null, 0
01-05 14:31:44.141  3205  3205 E PTM.FileNodeInfo: getTempInfo error: null, 0
01-05 14:31:44.141  3205  3205 E PTM.FileNodeInfo: getTempInfo error: null, 0
01-05 14:31:44.141  3205  3205 E PTM.FileNodeInfo: getTempInfo error: null, 0
01-05 14:31:44.141  3205  3205 E PTM.FileNodeInfo: getTempInfo error: null, 0
01-05 14:31:44.141  3205  3205 E PTM.FileNodeInfo: getTempInfo error: null, 0
01-05 14:31:44.141  3205  3205 E PTM.FileNodeInfo: getTempInfo error: null, 0
01-05 14:31:44.141  3205  3205 E PTM.FileNodeInfo: getTempInfo error: null, 0
01-05 14:31:44.141  3205  3205 E PTM.FileNodeInfo: getTempInfo error: null, 0
01-05 14:31:44.141  3205  3205 E PTM.FileNodeInfo: getTempInfo error: null, 0
01-05 14:31:44.141  3205  3205 E PTM.FileNodeInfo: getTempInfo error: null, 0
01-05 14:31:44.141  3205  3205 E PTM.FileNodeInfo: getTempInfo error: null, 0
01-05 14:31:44.141  3205  3205 E PTM.FileNodeInfo: getTempInfo error: null, 0
01-05 14:31:44.142  3205  3205 E PTM.FileNodeInfo: getTempInfo error: null, 0
01-05 14:31:44.142  3205  3205 E PTM.FileNodeInfo: getTempInfo error: null, 0
01-05 14:31:44.142  3205  3205 E PTM.FileNodeInfo: getTempInfo error: null, 0
01-05 14:31:44.142  3205  3205 E PTM.FileNodeInfo: getTempInfo error: null, 0
01-05 14:31:44.142  3205  3205 E PTM.FileNodeInfo: getTempInfo error: null, 0
01-05 14:31:44.142  3205  3205 E PTM.FileNodeInfo: getTempInfo error: null, 0
01-05 14:31:44.142  3205  3205 E PTM.FileNodeInfo: getTempInfo error: null, 0
01-05 14:31:44.142  3205  3205 E PTM.FileNodeInfo: getTempInfo error: null, 0
01-05 14:31:44.142  3205  3205 E PTM.FileNodeInfo: getTempInfo error: null, 0
01-05 14:31:44.142  3205  3205 E PTM.FileNodeInfo: getTempInfo error: null, 0
01-05 14:31:44.142  3205  3205 E PTM.FileNodeInfo: getTempInfo error: null, 0
01-05 14:31:44.142  3205  3205 E PTM.FileNodeInfo: getTempInfo error: null, 0
01-05 14:31:44.142  3205  3205 E PTM.FileNodeInfo: getTempInfo error: null, 0
01-05 14:31:44.142  3205  3205 E PTM.FileNodeInfo: getTempInfo error: null, 0
01-05 14:31:44.142  3205  3205 E PTM.FileNodeInfo: getTempInfo error: null, 0
01-05 14:31:44.142  3205  3205 E PTM.FileNodeInfo: getTempInfo error: null, 0
01-05 14:31:44.142  3205  3205 E PTM.FileNodeInfo: getTempInfo error: null, 0
01-05 14:31:44.142  3205  3205 E PTM.FileNodeInfo: getTempInfo error: null, 0
01-05 14:31:44.142  3205  3205 E PTM.FileNodeInfo: getTempInfo error: null, 0
01-05 14:31:44.142  3205  3205 E PTM.FileNodeInfo: getTempInfo error: null, 0
01-05 14:31:44.142  3205  3205 E PTM.FileNodeInfo: getTempInfo error: null, 0
01-05 14:31:44.142  3205  3205 E PTM.FileNodeInfo: getTempInfo error: null, 0
01-05 14:31:44.142  3205  3205 E PTM.FileNodeInfo: getTempInfo error: null, 0
01-05 14:31:44.142  3205  3205 E PTM.FileNodeInfo: getTempInfo error: null, 0
01-05 14:31:44.142  3205  3205 E PTM.FileNodeInfo: getTempInfo error: null, 0
01-05 14:31:44.142  3205  3205 E PTM.FileNodeInfo: getTempInfo error: null, 0
01-05 14:31:44.142  3205  3205 E PTM.FileNodeInfo: getTempInfo error: null, 0
01-05 14:31:44.142  3205  3205 E PTM.FileNodeInfo: getTempInfo error: null, 0
01-05 14:31:44.142  3205  3205 E PTM.FileNodeInfo: getTempInfo error: null, 0
01-05 14:31:44.142  3205  3205 E PTM.FileNodeInfo: getTempInfo error: null, 0
01-05 14:31:44.142  3205  3205 E PTM.FileNodeInfo: getTempInfo error: null, 0
01-05 14:31:44.142  3205  3205 E PTM.FileNodeInfo: getTempInfo error: null, 0
01-05 14:31:44.142  3205  3205 E PTM.FileNodeInfo: getTempInfo error: null, 0
01-05 14:31:44.143  1951 29470 E         : come into oem_qmi_common_stream_from_modem_len --->modem 
01-05 14:31:44.143  1951 29470 E         : Lib:oem_qmi_cmd: Send to server  passed!!
01-05 14:31:44.144  1732  2019 E CloudAlbum[8.0.1.304]: [ReceiverManager] not log on ignore
01-05 14:31:44.146  1951 29470 E         : ######  output 0
01-05 14:31:44.146  1951 29470 E         : ---qmi : rapi_event_type=143, qmi_ret=0, return_status=1. 
01-05 14:31:44.146  1951 29470 E qdlights: send modem leds order success.
01-05 14:31:44.147  1732  2019 E CloudAlbum[8.0.1.304]: [ReceiverManager] not log on ignore
01-05 14:31:44.157  3205  3205 E PTM.FileNodeInfo: getTempInfo error: null, 0
01-05 14:31:44.157  3205  3205 E PTM.FileNodeInfo: getTempInfo error: null, 0
01-05 14:31:44.157  3205  3205 E PTM.FileNodeInfo: getTempInfo error: null, 0
01-05 14:31:44.157  3205  3205 E PTM.FileNodeInfo: getTempInfo error: null, 0
01-05 14:31:44.157  3205  3205 E PTM.FileNodeInfo: getTempInfo error: null, 0
01-05 14:31:44.160  3205  3205 E PTM.FileNodeInfo: getTempInfo error: null, 0
01-05 14:31:44.160  3205  3205 E PTM.FileNodeInfo: getTempInfo error: null, 0
01-05 14:31:44.160  3205  3205 E PTM.FileNodeInfo: getTempInfo error: null, 0
01-05 14:31:44.160  3205  3205 E PTM.FileNodeInfo: getTempInfo error: null, 0
01-05 14:31:44.160  3205  3205 E PTM.FileNodeInfo: getTempInfo error: null, 0
01-05 14:31:44.186  3205  3526 E LogCollectService: illegal eventid
01-05 14:31:44.264  1951  1987 E BatteryStatsService: no controller energy info supplied
01-05 14:31:44.264  1951  1987 E BatteryStatsService: no controller energy info supplied
01-05 14:31:44.267  1732  2019 E CloudAlbum[8.0.1.304]: [ReceiverManager] not log on ignore
01-05 14:31:44.269  3205  3205 E PTM.FileNodeInfo: getTempInfo error: null, 0
01-05 14:31:44.269  3205  3205 E PTM.FileNodeInfo: getTempInfo error: null, 0
01-05 14:31:44.269  3205  3205 E PTM.FileNodeInfo: getTempInfo error: null, 0
01-05 14:31:44.269  3205  3205 E PTM.FileNodeInfo: getTempInfo error: null, 0
01-05 14:31:44.269  3205  3205 E PTM.FileNodeInfo: getTempInfo error: null, 0
01-05 14:31:44.272  1951  3532 E IzatSvc_OSObserver: I/LocTech-Label :: OSOBSERVER :: Data Items In
01-05 14:31:44.272  1951  3532 E IzatSvc_OSObserver: I/LocTech-Value :: Data Item Value: IS_POWER_CONNECTED: true
01-05 14:31:44.272  1951  3541 E LocSvc_libulp: I/int ulp_msg_process_system_update(const UlpSystemEvent): systemEvent:2 
01-05 14:31:44.272  1951  2764 E LocSvc_api_v02: I/---> locClientSendReq line 2069 QMI_LOC_SET_EXTERNAL_POWER_CONFIG_REQ_V02
01-05 14:31:44.273  1951  3541 E LocSvc_libulp: I/===> int ulp_brain_turn_onoff_dr_provider() line 848 
01-05 14:31:44.273  1951  3541 E LocSvc_libulp: I/===> int ulp_dr_stop_engine() line 235 
01-05 14:31:44.273  1951  3541 E LocSvc_libulp: I/int ulp_msg_process_start_req(), at ulp state = 1
01-05 14:31:44.275  2383  2620 E HwSystemManager: ChargeInfo: doRecordsChargeInfo POWER_LEVEL_CONNECTED_USB_SET POWER_CHARGE_TIME =88008402 POWER_LEVEL_LAST_CAPACITY_RM = 1315 chargeType =0
01-05 14:31:44.278  1951  2778 E LocSvc_ApiV02: I/<--- void globalRespCb(locClientHandleType, uint32_t, const locClientRespIndUnionType, uint32_t, void *) line 140 QMI_LOC_SET_EXTERNAL_POWER_CONFIG_REQ_V02
01-05 14:31:44.279  1951  2764 E LocSvc_api_v02: I/---> locClientSendReq line 2069 QMI_LOC_GET_BEST_AVAILABLE_POSITION_REQ_V02
01-05 14:31:44.280  1951  3201 E HwOEMInfoAdapter: writeByteArrayToOeminfo has run 
01-05 14:31:44.280  1951  2778 E LocSvc_ApiV02: I/<--- void globalRespCb(locClientHandleType, uint32_t, const locClientRespIndUnionType, uint32_t, void *) line 140 QMI_LOC_GET_BEST_AVAILABLE_POSITION_REQ_V02
01-05 14:31:44.280  1951  3541 E LocSvc_libulp: I/int ulp_brain_process_zpp_position_report(const enum loc_sess_status, LocPosTechMask, UlpLocation *), report ZPP position to providers,report_position = 1
01-05 14:31:44.280  1951  3541 E LocSvc_libulp: I/===> int ulp_brain_turn_onoff_dr_provider() line 848 
01-05 14:31:44.280  1951  3541 E LocSvc_libulp: I/===> int ulp_dr_stop_engine() line 235 
01-05 14:31:44.306  3205  3526 E LogCollectService: illegal eventid
01-05 14:31:44.316  3326  4875 E NetworkScheduler.SR: Invalid parameter app
01-05 14:31:44.316  3326  4875 E NetworkScheduler.SR: Invalid package name : Perhaps you didn't include a PendingIntent in the extras?
01-05 14:31:44.333 14829 14829 E HwOUC   : [main-1]checkHwoucBetaApplicationExist NameNotFoundException is com.huawei.android.hwoucbeta(hwouc/HwOucUtility.java:5706)
01-05 14:31:44.341  9241  9241 E AppLogApi: handlerNetworkEvent !
01-05 14:31:44.341  9241  9241 E AppLogApi: currentTimeMillis!1515133904341
01-05 14:31:44.354  1951  2086 E HsmCoreServiceImpl: onTransact in code is: 102
01-05 14:31:44.355  1951  2086 E HsmCoreServiceImpl: onTransact in code is: 102
01-05 14:31:44.356  9241  9241 E AppLogApi: beforeTimeMillis!1515122305605
01-05 14:31:44.370 14829 14829 E HwOUC   : [main-1]DBManager--parseId uri error:content://hwouc_download/firmware(hwouc/CacheDBManager.java:148)
01-05 14:31:44.372 14829 14829 E HwOUC   : [main-1]DBManager--parseId uri error:content://hwouc_download/firmware(hwouc/CacheDBManager.java:148)
01-05 14:31:44.377  9241  9241 E AppLogApi: setTenMinAutoCheckTime!
01-05 14:31:44.377  9241  9241 E AppLogApi: checkTimeOver true
01-05 14:31:44.377  9241  9241 E AppLogApi: checkPolicyOver beforeTimeMillis1492500337723
01-05 14:31:44.378  9241  9241 E AppLogApi: checkPolicyOver policy1
01-05 14:31:44.378  9241  9241 E AppLogApi: checkPolicyOver currentTimeMillis-beforeTimeMillis22633566654
01-05 14:31:44.378  9241  9241 E AppLogApi: checkPolicyOver (policymillis+randommillis)87413650
01-05 14:31:44.378  9241  9241 E AppLogApi: checkPolicyOver true
01-05 14:31:44.401  9241  9241 E RefectUtilss: No field SUPPORT_SYSTEMAPP_GET_DEVICEID in class Landroid/telephony/HwTelephonyManager; (declaration of 'android.telephony.HwTelephonyManager' appears in /system/framework/hwframework.jar)
01-05 14:31:44.405  1951  2086 E HsmCoreServiceImpl: onTransact in code is: 102
01-05 14:31:44.409   792  2037 E OMXNodeInstance: setConfig(3180081:google.vorbis.decoder, ConfigPriority(0x6f800002)) ERROR: Undefined(0x80001001)
01-05 14:31:44.423   531  3292 E ANDR-PERF-MPCTL: Invalid profile no. 0, total profiles 0 only
01-05 14:31:44.423  1010  1223 E msm8916_platform: platform_check_backends_match: Invalid snd_device = 
01-05 14:31:44.441  1010  1223 E ACDB-LOADER: ACDB -> load_dsm_calib_data fopen failed
01-05 14:31:44.454  1951  2142 E ProcessInfoCollector: getProcessInfo: failed to find this proc 
01-05 14:31:44.494  2040  2040 E CommonUtils: getBoolean [class java.lang.String, class java.lang.String]
01-05 14:31:44.512 14829  2060 E ActivityThread: Failed to find provider info for service_oversea_rom
01-05 14:31:44.523  2040  2040 E AppLogApi/CrashHandler: CrashHandler init
01-05 14:31:44.524  2040  2040 E ReportApi: init reportCycle==40000
01-05 14:31:44.539  2040  2062 E AppLogApi: deleteOverTimeLog 
01-05 14:31:44.546  1732  2019 E CloudAlbum[8.0.1.304]: [ReceiverManager] not log on ignore
01-05 14:31:44.546  3205  3205 E PTM.FileNodeInfo: getTempInfo error: null, 0
01-05 14:31:44.546  3205  3205 E PTM.FileNodeInfo: getTempInfo error: null, 0
01-05 14:31:44.546  3205  3205 E PTM.FileNodeInfo: getTempInfo error: null, 0
01-05 14:31:44.546  3205  3205 E PTM.FileNodeInfo: getTempInfo error: null, 0
01-05 14:31:44.546  3205  3205 E PTM.FileNodeInfo: getTempInfo error: null, 0
01-05 14:31:44.561  2040  2062 E AppLogApi: deleteOverTimeLog selectall 
01-05 14:31:44.569 23172 23172 E libc    : Access denied finding property "persist.sys.usb.config"
01-05 14:31:44.569 23172 23172 E UsbSettingsService: usb service onCreate!
01-05 14:31:44.571 14829  2060 E         : rmt_oeminfo_read, connection fail
01-05 14:31:44.572 14829  2060 E         : OEMINFO_TPCOLOR_TYPE FAIL!
01-05 14:31:44.572 14829  2060 E         : read nv failed retNv = 1
01-05 14:31:44.579 14829  2060 E HwOUC   : [OneTimeCheckNewVersionThread-804]FeatureOption.MTK_GEMINI_SUPPORT Exception(hwouc/MultiCardFactory.java:155)
01-05 14:31:44.617 23172 23172 E libc    : Access denied finding property "persist.sys.usb.config"
01-05 14:31:44.620  2040  2062 E AppLogApi: remainsize 5242880
01-05 14:31:44.620  2040  2062 E AppLogApi: begin to createBiglogzip!
01-05 14:31:44.639  2040  2062 E AppLogApi: autohasloglist0
01-05 14:31:44.647  2040  2062 E AppLogApi: begin creatEventlogzip!
01-05 14:31:44.648  2040  2062 E AppLogApi: no hasloglistsize,stop!
01-05 14:31:44.648  2040  2062 E AppLogApi: Biglogzip path
01-05 14:31:44.648  2040  2062 E AppLogApi/AutoUploadService: createBiglogzip failed!
01-05 14:31:44.949 14829  2073 E HwOUC   : [Thread-4-805]DBManager--parseId uri error:content://hwouc_download/firmware(hwouc/CacheDBManager.java:148)
01-05 14:31:44.950 14829  2073 E HwOUC   : [Thread-4-805]DBManager--parseId uri error:content://hwouc_download/firmware(hwouc/CacheDBManager.java:148)
01-05 14:31:44.951 14829  2073 E HwOUC   : [Thread-4-805]DBManager--parseId uri error:content://hwouc_download/firmware(hwouc/CacheDBManager.java:148)
01-05 14:31:44.956 14829  2073 E HwOUC   : [Thread-4-805]DBManager--parseId uri error:content://hwouc_download/firmware(hwouc/CacheDBManager.java:148)
01-05 14:31:44.957 14829  2073 E HwOUC   : [Thread-4-805]DBManager--parseId uri error:content://hwouc_download/firmware(hwouc/CacheDBManager.java:148)
01-05 14:31:44.958 14829  2073 E HwOUC   : [Thread-4-805]DBManager--parseId uri error:content://hwouc_download/firmware(hwouc/CacheDBManager.java:148)
01-05 14:31:44.973  1951 14112 E HsmCoreServiceImpl: onTransact in code is: 102
01-05 14:31:45.019  1951  1989 E PF_API_NATIVE: check perfhub service fail! 
01-05 14:31:45.020  1951  1989 E PF_API_NATIVE: check perfhub service fail! 
01-05 14:31:45.027   531  3292 E ANDR-PERF-MPCTL: Invalid profile no. 0, total profiles 0 only
01-05 14:31:45.162  1951  2635 E HsmCoreServiceImpl: onTransact in code is: 103
01-05 14:31:45.284  1951  2086 E HsmCoreServiceImpl: onTransact in code is: 102
01-05 14:31:45.599 23172 23172 E         : read nv failed retNv = 1,will read from oem
01-05 14:31:45.661   621   716 E libnav  : CablComputeBacklightLevel(): UpdateType = DifferentSceneUpdate
01-05 14:31:45.996  1951  2142 E ProcessInfoCollector: getProcessInfo: failed to find this proc 
01-05 14:31:46.024 14220 14220 E wpa_supp: RSSI=-58;LINKSPEED=72;NOISE=9999;FREQUENCY=2412;
01-05 14:31:46.025  1951  2164 E WifiConfigManager: updateConfiguration freq=2412 BSSID=54:25:ea:0f:71:bb RSSI=-56 "HUAWEI -ceshi"WPA_PSK
01-05 14:31:46.042  2079  2079 E HwOUC   : [main-1]method invoke failed(/HwOucUtility.java:690)
01-05 14:31:46.065  2079  2079 E HwOUC   : [main-1]DBManager--parseId uri error:content://hwouc_download/firmware(/CacheDBManager.java:148)
01-05 14:31:46.067  2079  2079 E HwOUC   : [main-1]DBManager--parseId uri error:content://hwouc_download/firmware(/CacheDBManager.java:148)
01-05 14:31:46.070  2079  2079 E HwOUC   : [main-1]DBManager--parseId uri error:content://hwouc_download/firmware(/CacheDBManager.java:148)
01-05 14:31:46.072  2079  2079 E HwOUC   : [main-1]DBManager--parseId uri error:content://hwouc_download/firmware(hwouc/CacheDBManager.java:148)
01-05 14:31:46.077  2079  2079 E HwOUC   : [main-1]AutoCheckService--onStart() intent is null,  auto check abort.(hwouc/AutoCheckService.java:165)
01-05 14:31:47.325  1951  2145 E FingerSense.Classification: FingerSense returning [101] 0.187352
01-05 14:31:47.456   531  3292 E ANDR-PERF-MPCTL: Invalid profile no. 0, total profiles 0 only
01-05 14:31:47.515 14220 14220 E wpa_supp: RSSI=-55;LINKSPEED=72;NOISE=9999;FREQUENCY=2412;
01-05 14:31:47.516  1951  2164 E WifiConfigManager: updateConfiguration freq=2412 BSSID=54:25:ea:0f:71:bb RSSI=-55 "HUAWEI -ceshi"WPA_PSK
01-05 14:31:47.549   621   716 E libnav  : CablComputeBacklightLevel(): UpdateType = DifferentSceneUpdate
01-05 14:31:47.616   621   716 E libnav  : CablComputeBacklightLevel(): UpdateType = DifferentSceneUpdate
01-05 14:31:47.784   778   778 E Thermal-daemon: [Thermal_Hw] temperature_valid, battery : temperature is invalid, invalid temperatrue is 30
01-05 14:31:47.784   778   778 E Thermal-daemon: [Thermal_Hw] temperature_filter: get invalid temperature, use old temp
01-05 14:31:47.786   778   778 E Thermal-daemon: [charger_ic] temp_new :30  temp_old :29
01-05 14:31:47.786   778   778 E ThermalBinder: mThermalService is NULL!
01-05 14:31:47.787   778   778 E Thermal-daemon: Report temperature: [charger_ic] temp :30  report_threshold:1
01-05 14:31:48.839  1951  2205 E HwCHRWebMonitor: WebMonitor [mNetWorkIsSuck=0 mUIDIsSuck=]  WebSpeed [WEBSENDSEGS=21  WEBRESENDSEGS=0  WEBRECVSEGS=14  WEBERRSEGS=0  WEBOUTRSTS=0  WEBESTABLISRST=4  WEBRTTDURATION=57  WEBRTTSEGS=8  WEBSRTT=570  WEBSNDDUPACKS=0  SENDSEGS=0  RESENDSEGS=0  RECVSEGS=0  ERRSEGS=0  OUTRSTS=0  ESTABLISRST=0  RTTDURATION=0  RTTSEGS=0  SNDDUPACKS=0  suckTimes=0 recovage_times=0]
01-05 14:31:48.839  1951  2205 E HwCHRWifiRSSIGroupSummery: updateTcpSummery mRSSI:-55  HwCHRWifiRSSIGroup [rssi_index=4, rtt_tcp_packets=12965, rtt_tcp_duration=233368, rtt_lan_duration=1240, rtt_lan_failures=0, rtt_lan_succ=27, rtt_lan_max=543, rtt_lan_min=4,same_area_frequency=0,adjacent_area_frequency=0]
01-05 14:31:48.855  1951  2205 E HwCHRWebMonitor: HwCHRWifiPacketCnt [mTXGood=24, mTXbad=0, mRXGood=18] rssi=-55
01-05 14:31:48.855  1951  2205 E HwCHRWebMonitor: Good NetWork Traffic , so mOnAppSuckTime, mUnModifyCount reset 0
01-05 14:31:49.042 14220 14220 E wpa_supp: RSSI=-57;LINKSPEED=72;NOISE=9999;FREQUENCY=2412;
01-05 14:31:49.042  1951  2164 E WifiConfigManager: updateConfiguration freq=2412 BSSID=54:25:ea:0f:71:bb RSSI=-56 "HUAWEI -ceshi"WPA_PSK
01-05 14:31:49.699  1951  1987 E BatteryStatsService: no controller energy info supplied
01-05 14:31:49.699  1951  1987 E BatteryStatsService: no controller energy info supplied
01-05 14:31:49.702  3205  3205 E PTM.FileNodeInfo: getTempInfo error: null, 0
01-05 14:31:49.702  3205  3205 E PTM.FileNodeInfo: getTempInfo error: null, 0
01-05 14:31:49.702  3205  3205 E PTM.FileNodeInfo: getTempInfo error: null, 0
01-05 14:31:49.702  3205  3205 E PTM.FileNodeInfo: getTempInfo error: null, 0
01-05 14:31:49.702  3205  3205 E PTM.FileNodeInfo: getTempInfo error: null, 0
01-05 14:31:49.708  1732  2019 E CloudAlbum[8.0.1.304]: [ReceiverManager] not log on ignore
01-05 14:31:49.710  1951  1987 E BatteryStatsService: power: Missing API
01-05 14:31:52.060 14220 14220 E wpa_supp: RSSI=-59;LINKSPEED=72;NOISE=9999;FREQUENCY=2412;
01-05 14:31:52.061  1951  2164 E WifiConfigManager: updateConfiguration freq=2412 BSSID=54:25:ea:0f:71:bb RSSI=-57 "HUAWEI -ceshi"WPA_PSK
01-05 14:31:52.607  1951  1987 E BatteryStatsService: no controller energy info supplied
01-05 14:31:52.607  1951  1987 E BatteryStatsService: no controller energy info supplied
01-05 14:31:52.607  1732  2019 E CloudAlbum[8.0.1.304]: [ReceiverManager] not log on ignore
01-05 14:31:52.608  3205  3205 E PTM.FileNodeInfo: getTempInfo error: null, 0
01-05 14:31:52.608  3205  3205 E PTM.FileNodeInfo: getTempInfo error: null, 0
01-05 14:31:52.608  3205  3205 E PTM.FileNodeInfo: getTempInfo error: null, 0
01-05 14:31:52.608  3205  3205 E PTM.FileNodeInfo: getTempInfo error: null, 0
01-05 14:31:52.608  3205  3205 E PTM.FileNodeInfo: getTempInfo error: null, 0
01-05 14:31:52.613  1951  1987 E BatteryStatsService: power: Missing API
01-05 14:31:52.788   778   778 E Thermal-daemon: [Thermal_Hw] temperature_valid, battery : temperature is invalid, invalid temperatrue is 30
01-05 14:31:52.788   778   778 E Thermal-daemon: [Thermal_Hw] temperature_filter: get invalid temperature, use old temp
01-05 14:31:53.847  1951  2205 E HwCHRWebMonitor: WebMonitor [mNetWorkIsSuck=0 mUIDIsSuck=]  WebSpeed [WEBSENDSEGS=0  WEBRESENDSEGS=0  WEBRECVSEGS=0  WEBERRSEGS=0  WEBOUTRSTS=0  WEBESTABLISRST=0  WEBRTTDURATION=0  WEBRTTSEGS=0  WEBSRTT=570  WEBSNDDUPACKS=0  SENDSEGS=0  RESENDSEGS=0  RECVSEGS=0  ERRSEGS=0  OUTRSTS=0  ESTABLISRST=0  RTTDURATION=0  RTTSEGS=0  SNDDUPACKS=0  suckTimes=0 recovage_times=0]
01-05 14:31:53.847  1951  2205 E HwCHRWifiRSSIGroupSummery: updateTcpSummery mRSSI:-59  HwCHRWifiRSSIGroup [rssi_index=4, rtt_tcp_packets=12965, rtt_tcp_duration=233368, rtt_lan_duration=1240, rtt_lan_failures=0, rtt_lan_succ=27, rtt_lan_max=543, rtt_lan_min=4,same_area_frequency=0,adjacent_area_frequency=0]
01-05 14:31:53.864  1951  2205 E HwCHRWebMonitor: HwCHRWifiPacketCnt [mTXGood=0, mTXbad=0, mRXGood=0] rssi=-59
01-05 14:31:53.865  1951  2205 E HwCHRWebMonitor: running processName=com.huawei.hidisk
01-05 14:31:53.881  1951  2205 E HwCHRWifiFile: getFileResult throw exceptionjava.io.FileNotFoundException: /sys/kernel/debug/bcmdhd/debug_wl_counters (No such file or directory)
01-05 14:31:53.882  1951  2205 E HwCHRWifiLinkMonitor: HwCHRWifiBcmIncrCounterLst [txbyte=0  txframe=0  txnoassoc=0  txphyerror=0  txctl=0  txfail=0  txphyerr=0  txfrmsnt=0  txnoack=0  txfrag=0  txnocts=0  txrts=0  txnobuf=0  txallfrm=0  txerror=0  txretrans=0  rxbyte=0  rxframe=0  rxbadfcs=0  rxbadplcp=0  rxmulti=0  rxfrag=0  rxctl=0  rxbadcm=0  rxnobuf=0  rxcrsglitch=0  rxbadds=0  rxnondata=0  rxmulti=0  reset=0  rxdfrmocast=0  rxmfrmocast=0  rxdfrmucastmbss=0  rxmfrmucastmbss=0  rxbeaconmbss=0  rxdfmucastobss=0  rxbeaconobss=0  rxstrt=0  rxcfrmocast=0  rxcfrmucast=0  rxdfrmmcast=0  rxmfrmmcast=0  rxcfrmmcast=0  ]
01-05 14:31:54.291  1951  1987 E BatteryStatsService: no controller energy info supplied
01-05 14:31:54.291  1951  1987 E BatteryStatsService: no controller energy info supplied
01-05 14:31:54.295  1732  2019 E CloudAlbum[8.0.1.304]: [ReceiverManager] not log on ignore
01-05 14:31:54.295  3205  3205 E PTM.FileNodeInfo: getTempInfo error: null, 0
01-05 14:31:54.295  3205  3205 E PTM.FileNodeInfo: getTempInfo error: null, 0
01-05 14:31:54.296  3205  3205 E PTM.FileNodeInfo: getTempInfo error: null, 0
01-05 14:31:54.296  3205  3205 E PTM.FileNodeInfo: getTempInfo error: null, 0
01-05 14:31:54.296  3205  3205 E PTM.FileNodeInfo: getTempInfo error: null, 0
01-05 14:31:54.298  1951  1987 E BatteryStatsService: power: Missing API
01-05 14:31:55.077 14220 14220 E wpa_supp: RSSI=-60;LINKSPEED=72;NOISE=9999;FREQUENCY=2412;
01-05 14:31:55.077  1951  2164 E WifiConfigManager: updateConfiguration freq=2412 BSSID=54:25:ea:0f:71:bb RSSI=-58 "HUAWEI -ceshi"WPA_PSK
01-05 14:31:55.511  1732  2019 E CloudAlbum[8.0.1.304]: [ReceiverManager] not log on ignore
01-05 14:31:55.512  3205  3205 E PTM.FileNodeInfo: getTempInfo error: null, 0
01-05 14:31:55.512  3205  3205 E PTM.FileNodeInfo: getTempInfo error: null, 0
01-05 14:31:55.512  3205  3205 E PTM.FileNodeInfo: getTempInfo error: null, 0
01-05 14:31:55.512  3205  3205 E PTM.FileNodeInfo: getTempInfo error: null, 0
01-05 14:31:55.512  3205  3205 E PTM.FileNodeInfo: getTempInfo error: null, 0
01-05 14:31:55.520 14220 14220 E wpa_supp: RSSI=-60;LINKSPEED=72;NOISE=9999;FREQUENCY=2412;
01-05 14:31:55.520  1951  2164 E WifiConfigManager: updateConfiguration freq=2412 BSSID=54:25:ea:0f:71:bb RSSI=-59 "HUAWEI -ceshi"WPA_PSK
01-05 14:31:55.538  1951  1987 E BatteryStatsService: no controller energy info supplied
01-05 14:31:55.539  1951  1987 E BatteryStatsService: no controller energy info supplied
01-05 14:31:55.545  1951  1987 E BatteryStatsService: power: Missing API
01-05 14:31:57.792   778   778 E Thermal-daemon: [Thermal_Hw] temperature_valid, battery : temperature is invalid, invalid temperatrue is 29
01-05 14:31:57.792   778   778 E Thermal-daemon: [Thermal_Hw] temperature_filter: get invalid temperature, use old temp
01-05 14:31:58.095 14220 14220 E wpa_supp: RSSI=-58;LINKSPEED=72;NOISE=9999;FREQUENCY=2412;
01-05 14:31:58.096  1951  2164 E WifiConfigManager: updateConfiguration freq=2412 BSSID=54:25:ea:0f:71:bb RSSI=-58 "HUAWEI -ceshi"WPA_PSK
01-05 14:31:58.413  1951  1987 E BatteryStatsService: no controller energy info supplied
01-05 14:31:58.413  1951  1987 E BatteryStatsService: no controller energy info supplied
01-05 14:31:58.416  1732  2019 E CloudAlbum[8.0.1.304]: [ReceiverManager] not log on ignore
01-05 14:31:58.419  3205  3205 E PTM.FileNodeInfo: getTempInfo error: null, 0
01-05 14:31:58.419  3205  3205 E PTM.FileNodeInfo: getTempInfo error: null, 0
01-05 14:31:58.419  3205  3205 E PTM.FileNodeInfo: getTempInfo error: null, 0
01-05 14:31:58.419  3205  3205 E PTM.FileNodeInfo: getTempInfo error: null, 0
01-05 14:31:58.419  3205  3205 E PTM.FileNodeInfo: getTempInfo error: null, 0
01-05 14:31:58.420  1951  1987 E BatteryStatsService: power: Missing API
01-05 14:31:58.854  1951  2205 E HwCHRWebMonitor: WebMonitor [mNetWorkIsSuck=0 mUIDIsSuck=]  WebSpeed [WEBSENDSEGS=0  WEBRESENDSEGS=0  WEBRECVSEGS=0  WEBERRSEGS=0  WEBOUTRSTS=0  WEBESTABLISRST=0  WEBRTTDURATION=0  WEBRTTSEGS=0  WEBSRTT=570  WEBSNDDUPACKS=0  SENDSEGS=0  RESENDSEGS=0  RECVSEGS=0  ERRSEGS=0  OUTRSTS=0  ESTABLISRST=0  RTTDURATION=0  RTTSEGS=0  SNDDUPACKS=0  suckTimes=0 recovage_times=0]
01-05 14:31:58.854  1951  2205 E HwCHRWifiRSSIGroupSummery: updateTcpSummery mRSSI:-58  HwCHRWifiRSSIGroup [rssi_index=4, rtt_tcp_packets=12965, rtt_tcp_duration=233368, rtt_lan_duration=1240, rtt_lan_failures=0, rtt_lan_succ=27, rtt_lan_max=543, rtt_lan_min=4,same_area_frequency=0,adjacent_area_frequency=0]
01-05 14:31:58.870  1951  2205 E HwCHRWebMonitor: HwCHRWifiPacketCnt [mTXGood=0, mTXbad=0, mRXGood=0] rssi=-58
01-05 14:31:58.871  1951  2205 E HwCHRWebMonitor: running processName=com.huawei.hidisk
01-05 14:32:00.035  2316  2316 E DateLunarView: mDateString is: 1月5日星期五  小寒
01-05 14:32:00.037  2316  2316 E DateLunarView: mDateString is: 1月5日星期五  小寒
01-05 14:32:01.114 14220 14220 E wpa_supp: RSSI=-57;LINKSPEED=72;NOISE=9999;FREQUENCY=2412;
01-05 14:32:01.115  1951  2164 E WifiConfigManager: updateConfiguration freq=2412 BSSID=54:25:ea:0f:71:bb RSSI=-57 "HUAWEI -ceshi"WPA_PSK
01-05 14:32:01.321  1951  1987 E BatteryStatsService: no controller energy info supplied
01-05 14:32:01.321  1951  1987 E BatteryStatsService: no controller energy info supplied
01-05 14:32:01.321  1732  2019 E CloudAlbum[8.0.1.304]: [ReceiverManager] not log on ignore
01-05 14:32:01.322  3205  3205 E PTM.FileNodeInfo: getTempInfo error: null, 0
01-05 14:32:01.322  3205  3205 E PTM.FileNodeInfo: getTempInfo error: null, 0
01-05 14:32:01.322  3205  3205 E PTM.FileNodeInfo: getTempInfo error: null, 0
01-05 14:32:01.322  3205  3205 E PTM.FileNodeInfo: getTempInfo error: null, 0
01-05 14:32:01.322  3205  3205 E PTM.FileNodeInfo: getTempInfo error: null, 0
01-05 14:32:01.328  1951  1987 E BatteryStatsService: power: Missing API
01-05 14:32:02.796   778   778 E Thermal-daemon: [Thermal_Hw] temperature_valid, battery : temperature is invalid, invalid temperatrue is 29
01-05 14:32:02.796   778   778 E Thermal-daemon: [Thermal_Hw] temperature_filter: get invalid temperature, use old temp
01-05 14:32:03.528 14220 14220 E wpa_supp: RSSI=-58;LINKSPEED=72;NOISE=9999;FREQUENCY=2412;
01-05 14:32:03.529  1951  2164 E WifiConfigManager: updateConfiguration freq=2412 BSSID=54:25:ea:0f:71:bb RSSI=-57 "HUAWEI -ceshi"WPA_PSK
01-05 14:32:03.861  1951  2205 E HwCHRWebMonitor: WebMonitor [mNetWorkIsSuck=0 mUIDIsSuck=]  WebSpeed [WEBSENDSEGS=0  WEBRESENDSEGS=0  WEBRECVSEGS=0  WEBERRSEGS=0  WEBOUTRSTS=0  WEBESTABLISRST=0  WEBRTTDURATION=0  WEBRTTSEGS=0  WEBSRTT=570  WEBSNDDUPACKS=0  SENDSEGS=0  RESENDSEGS=0  RECVSEGS=0  ERRSEGS=0  OUTRSTS=0  ESTABLISRST=0  RTTDURATION=0  RTTSEGS=0  SNDDUPACKS=0  suckTimes=0 recovage_times=0]
01-05 14:32:03.861  1951  2205 E HwCHRWifiRSSIGroupSummery: updateTcpSummery mRSSI:-58  HwCHRWifiRSSIGroup [rssi_index=4, rtt_tcp_packets=12965, rtt_tcp_duration=233368, rtt_lan_duration=1240, rtt_lan_failures=0, rtt_lan_succ=27, rtt_lan_max=543, rtt_lan_min=4,same_area_frequency=0,adjacent_area_frequency=0]
01-05 14:32:03.876  1951  2205 E HwCHRWebMonitor: HwCHRWifiPacketCnt [mTXGood=0, mTXbad=0, mRXGood=0] rssi=-58
01-05 14:32:03.877  1951  2205 E HwCHRWebMonitor: running processName=com.huawei.hidisk
01-05 14:32:04.131 14220 14220 E wpa_supp: RSSI=-58;LINKSPEED=72;NOISE=9999;FREQUENCY=2412;
01-05 14:32:04.132  1951  2164 E WifiConfigManager: updateConfiguration freq=2412 BSSID=54:25:ea:0f:71:bb RSSI=-57 "HUAWEI -ceshi"WPA_PSK
01-05 14:32:04.224  1951  1987 E BatteryStatsService: no controller energy info supplied
01-05 14:32:04.224  1951  1987 E BatteryStatsService: no controller energy info supplied
01-05 14:32:04.225  1732  2019 E CloudAlbum[8.0.1.304]: [ReceiverManager] not log on ignore
01-05 14:32:04.225  3205  3205 E PTM.FileNodeInfo: getTempInfo error: null, 0
01-05 14:32:04.225  3205  3205 E PTM.FileNodeInfo: getTempInfo error: null, 0
01-05 14:32:04.225  3205  3205 E PTM.FileNodeInfo: getTempInfo error: null, 0
01-05 14:32:04.226  3205  3205 E PTM.FileNodeInfo: getTempInfo error: null, 0
01-05 14:32:04.226  3205  3205 E PTM.FileNodeInfo: getTempInfo error: null, 0
01-05 14:32:04.231  1951  1987 E BatteryStatsService: power: Missing API
01-05 14:32:07.151 14220 14220 E wpa_supp: RSSI=-59;LINKSPEED=72;NOISE=9999;FREQUENCY=2412;
01-05 14:32:07.151  1951  2164 E WifiConfigManager: updateConfiguration freq=2412 BSSID=54:25:ea:0f:71:bb RSSI=-58 "HUAWEI -ceshi"WPA_PSK
01-05 14:32:07.800   778   778 E Thermal-daemon: [Thermal_Hw] temperature_valid, battery : temperature is invalid, invalid temperatrue is 29
01-05 14:32:07.800   778   778 E Thermal-daemon: [Thermal_Hw] temperature_filter: get invalid temperature, use old temp
01-05 14:32:08.870  1951  2205 E HwCHRWebMonitor: WebMonitor [mNetWorkIsSuck=0 mUIDIsSuck=]  WebSpeed [WEBSENDSEGS=1  WEBRESENDSEGS=0  WEBRECVSEGS=1  WEBERRSEGS=0  WEBOUTRSTS=0  WEBESTABLISRST=0  WEBRTTDURATION=0  WEBRTTSEGS=0  WEBSRTT=570  WEBSNDDUPACKS=0  SENDSEGS=0  RESENDSEGS=0  RECVSEGS=0  ERRSEGS=0  OUTRSTS=0  ESTABLISRST=0  RTTDURATION=0  RTTSEGS=0  SNDDUPACKS=0  suckTimes=0 recovage_times=0]
01-05 14:32:08.870  1951  2205 E HwCHRWifiRSSIGroupSummery: updateTcpSummery mRSSI:-59  HwCHRWifiRSSIGroup [rssi_index=4, rtt_tcp_packets=12965, rtt_tcp_duration=233368, rtt_lan_duration=1240, rtt_lan_failures=0, rtt_lan_succ=27, rtt_lan_max=543, rtt_lan_min=4,same_area_frequency=0,adjacent_area_frequency=0]
01-05 14:32:08.885  1951  2205 E HwCHRWebMonitor: HwCHRWifiPacketCnt [mTXGood=1, mTXbad=0, mRXGood=1] rssi=-59
01-05 14:32:08.886  1951  2205 E HwCHRWebMonitor: running processName=com.huawei.hidisk
01-05 14:32:08.886  1951  2205 E HwCHRWebMonitor: HwCHRWifiUIDWebSpeed [appName=android.uid.phone:1001 UID=1001  WEBSENDSEGS=0  WEBRESENDSEGS=0  WEBRECVSEGS=1  WEBERRSEGS=0  WEBOUTRSTS=0  WEBESTABLISRST=0  WEBRTTDURATION=0  WEBRTTSEGS=0  WEBSNDDUPACKS=0  suckTimes=0 recovage_times=0]
01-05 14:32:08.886  1951  2205 E HwCHRWebMonitor: item_uid= 1001 running_uid=1001 suckTime=0 mOnAppSuckTime=0 mFailReason=1
01-05 14:32:10.170 14220 14220 E wpa_supp: RSSI=-59;LINKSPEED=72;NOISE=9999;FREQUENCY=2412;
01-05 14:32:10.171  1951  2164 E WifiConfigManager: updateConfiguration freq=2412 BSSID=54:25:ea:0f:71:bb RSSI=-58 "HUAWEI -ceshi"WPA_PSK
01-05 14:32:11.535 14220 14220 E wpa_supp: RSSI=-58;LINKSPEED=72;NOISE=9999;FREQUENCY=2412;
01-05 14:32:11.536  1951  2164 E WifiConfigManager: updateConfiguration freq=2412 BSSID=54:25:ea:0f:71:bb RSSI=-58 "HUAWEI -ceshi"WPA_PSK
01-05 14:32:12.804   778   778 E Thermal-daemon: [Thermal_Hw] temperature_valid, battery : temperature is invalid, invalid temperatrue is 29
01-05 14:32:12.804   778   778 E Thermal-daemon: [Thermal_Hw] temperature_filter: get invalid temperature, use old temp
01-05 14:32:13.189 14220 14220 E wpa_supp: RSSI=-57;LINKSPEED=72;NOISE=9999;FREQUENCY=2412;
01-05 14:32:13.189  1951  2164 E WifiConfigManager: updateConfiguration freq=2412 BSSID=54:25:ea:0f:71:bb RSSI=-57 "HUAWEI -ceshi"WPA_PSK
01-05 14:32:14.860  1951  2205 E HwCHRWifiRSSIGroupSummery: updatArpSummery mRSSI:-57  HwCHRWifiRSSIGroup [rssi_index=4, rtt_tcp_packets=12965, rtt_tcp_duration=233368, rtt_lan_duration=1255, rtt_lan_failures=0, rtt_lan_succ=28, rtt_lan_max=543, rtt_lan_min=4,same_area_frequency=0,adjacent_area_frequency=0]
01-05 14:32:14.902  1951  2205 E HwCHRWebMonitor: WebMonitor [mNetWorkIsSuck=0 mUIDIsSuck=]  WebSpeed [WEBSENDSEGS=10  WEBRESENDSEGS=0  WEBRECVSEGS=10  WEBERRSEGS=0  WEBOUTRSTS=0  WEBESTABLISRST=0  WEBRTTDURATION=34  WEBRTTSEGS=4  WEBSRTT=680  WEBSNDDUPACKS=0  SENDSEGS=0  RESENDSEGS=0  RECVSEGS=0  ERRSEGS=0  OUTRSTS=0  ESTABLISRST=0  RTTDURATION=0  RTTSEGS=0  SNDDUPACKS=0  suckTimes=0 recovage_times=0]
01-05 14:32:14.902  1951  2205 E HwCHRWifiRSSIGroupSummery: updateTcpSummery mRSSI:-57  HwCHRWifiRSSIGroup [rssi_index=4, rtt_tcp_packets=12969, rtt_tcp_duration=233402, rtt_lan_duration=1255, rtt_lan_failures=0, rtt_lan_succ=28, rtt_lan_max=543, rtt_lan_min=4,same_area_frequency=0,adjacent_area_frequency=0]
01-05 14:32:14.919  1951  2205 E HwCHRWebMonitor: HwCHRWifiPacketCnt [mTXGood=13, mTXbad=0, mRXGood=13] rssi=-57
01-05 14:32:14.920  1951  2205 E HwCHRWebMonitor: running processName=com.huawei.hidisk
01-05 14:32:14.920  1951  2205 E HwCHRWebMonitor: HwCHRWifiUIDWebSpeed [appName=com.google.uid.shared:10008 UID=10008  WEBSENDSEGS=9  WEBRESENDSEGS=0  WEBRECVSEGS=9  WEBERRSEGS=0  WEBOUTRSTS=0  WEBESTABLISRST=0  WEBRTTDURATION=34  WEBRTTSEGS=4  WEBSNDDUPACKS=0  suckTimes=0 recovage_times=0]
01-05 14:32:16.208 14220 14220 E wpa_supp: RSSI=-60;LINKSPEED=72;NOISE=9999;FREQUENCY=2412;
01-05 14:32:16.209  1951  2164 E WifiConfigManager: updateConfiguration freq=2412 BSSID=54:25:ea:0f:71:bb RSSI=-58 "HUAWEI -ceshi"WPA_PSK
01-05 14:32:17.808   778   778 E Thermal-daemon: [Thermal_Hw] temperature_valid, battery : temperature is invalid, invalid temperatrue is 29
01-05 14:32:17.808   778   778 E Thermal-daemon: [Thermal_Hw] temperature_filter: get invalid temperature, use old temp
01-05 14:32:19.228 14220 14220 E wpa_supp: RSSI=-62;LINKSPEED=72;NOISE=9999;FREQUENCY=2412;
01-05 14:32:19.229  1951  2164 E WifiConfigManager: updateConfiguration freq=2412 BSSID=54:25:ea:0f:71:bb RSSI=-60 "HUAWEI -ceshi"WPA_PSK
01-05 14:32:19.544 14220 14220 E wpa_supp: RSSI=-62;LINKSPEED=72;NOISE=9999;FREQUENCY=2412;
01-05 14:32:19.544  1951  2164 E WifiConfigManager: updateConfiguration freq=2412 BSSID=54:25:ea:0f:71:bb RSSI=-61 "HUAWEI -ceshi"WPA_PSK
01-05 14:32:19.909  1951  2205 E HwCHRWebMonitor: WebMonitor [mNetWorkIsSuck=0 mUIDIsSuck=]  WebSpeed [WEBSENDSEGS=0  WEBRESENDSEGS=0  WEBRECVSEGS=0  WEBERRSEGS=0  WEBOUTRSTS=0  WEBESTABLISRST=0  WEBRTTDURATION=0  WEBRTTSEGS=0  WEBSRTT=680  WEBSNDDUPACKS=0  SENDSEGS=0  RESENDSEGS=0  RECVSEGS=0  ERRSEGS=0  OUTRSTS=0  ESTABLISRST=0  RTTDURATION=0  RTTSEGS=0  SNDDUPACKS=0  suckTimes=0 recovage_times=0]
01-05 14:32:19.909  1951  2205 E HwCHRWifiRSSIGroupSummery: updateTcpSummery mRSSI:-62  HwCHRWifiRSSIGroup [rssi_index=4, rtt_tcp_packets=12969, rtt_tcp_duration=233402, rtt_lan_duration=1255, rtt_lan_failures=0, rtt_lan_succ=28, rtt_lan_max=543, rtt_lan_min=4,same_area_frequency=0,adjacent_area_frequency=0]
01-05 14:32:19.924  1951  2205 E HwCHRWebMonitor: HwCHRWifiPacketCnt [mTXGood=0, mTXbad=0, mRXGood=0] rssi=-62
01-05 14:32:19.924  1951  2205 E HwCHRWebMonitor: running processName=com.huawei.hidisk
01-05 14:32:19.940  1951  2205 E HwCHRWifiFile: getFileResult throw exceptionjava.io.FileNotFoundException: /sys/kernel/debug/bcmdhd/debug_wl_counters (No such file or directory)
01-05 14:32:19.940  1951  2205 E HwCHRWifiLinkMonitor: HwCHRWifiBcmIncrCounterLst [txbyte=0  txframe=0  txnoassoc=0  txphyerror=0  txctl=0  txfail=0  txphyerr=0  txfrmsnt=0  txnoack=0  txfrag=0  txnocts=0  txrts=0  txnobuf=0  txallfrm=0  txerror=0  txretrans=0  rxbyte=0  rxframe=0  rxbadfcs=0  rxbadplcp=0  rxmulti=0  rxfrag=0  rxctl=0  rxbadcm=0  rxnobuf=0  rxcrsglitch=0  rxbadds=0  rxnondata=0  rxmulti=0  reset=0  rxdfrmocast=0  rxmfrmocast=0  rxdfrmucastmbss=0  rxmfrmucastmbss=0  rxbeaconmbss=0  rxdfmucastobss=0  rxbeaconobss=0  rxstrt=0  rxcfrmocast=0  rxcfrmucast=0  rxdfrmmcast=0  rxmfrmmcast=0  rxcfrmmcast=0  ]
01-05 14:32:22.247 14220 14220 E wpa_supp: RSSI=-63;LINKSPEED=72;NOISE=9999;FREQUENCY=2412;
01-05 14:32:22.247  1951  2164 E WifiConfigManager: updateConfiguration freq=2412 BSSID=54:25:ea:0f:71:bb RSSI=-62 "HUAWEI -ceshi"WPA_PSK
01-05 14:32:22.812   778   778 E Thermal-daemon: [Thermal_Hw] temperature_valid, battery : temperature is invalid, invalid temperatrue is 29
01-05 14:32:22.813   778   778 E Thermal-daemon: [Thermal_Hw] temperature_filter: get invalid temperature, use old temp
01-05 14:32:24.916  1951  2205 E HwCHRWebMonitor: WebMonitor [mNetWorkIsSuck=0 mUIDIsSuck=]  WebSpeed [WEBSENDSEGS=0  WEBRESENDSEGS=0  WEBRECVSEGS=0  WEBERRSEGS=0  WEBOUTRSTS=0  WEBESTABLISRST=0  WEBRTTDURATION=0  WEBRTTSEGS=0  WEBSRTT=680  WEBSNDDUPACKS=0  SENDSEGS=0  RESENDSEGS=0  RECVSEGS=0  ERRSEGS=0  OUTRSTS=0  ESTABLISRST=0  RTTDURATION=0  RTTSEGS=0  SNDDUPACKS=0  suckTimes=0 recovage_times=0]
01-05 14:32:24.916  1951  2205 E HwCHRWifiRSSIGroupSummery: updateTcpSummery mRSSI:-63  HwCHRWifiRSSIGroup [rssi_index=4, rtt_tcp_packets=12969, rtt_tcp_duration=233402, rtt_lan_duration=1255, rtt_lan_failures=0, rtt_lan_succ=28, rtt_lan_max=543, rtt_lan_min=4,same_area_frequency=0,adjacent_area_frequency=0]
01-05 14:32:24.931  1951  2205 E HwCHRWebMonitor: HwCHRWifiPacketCnt [mTXGood=0, mTXbad=0, mRXGood=0] rssi=-63
01-05 14:32:24.932  1951  2205 E HwCHRWebMonitor: running processName=com.huawei.hidisk
01-05 14:32:25.266 14220 14220 E wpa_supp: RSSI=-60;LINKSPEED=72;NOISE=9999;FREQUENCY=2412;
01-05 14:32:25.266  1951  2164 E WifiConfigManager: updateConfiguration freq=2412 BSSID=54:25:ea:0f:71:bb RSSI=-60 "HUAWEI -ceshi"WPA_PSK
01-05 14:32:26.538  1951  1981 E SyncManager: Bind attempt failed - target: ComponentInfo{com.tencent.mtt/com.tencent.mtt.browser.push.external.account.SyncService}
01-05 14:32:27.554 14220 14220 E wpa_supp: RSSI=-60;LINKSPEED=72;NOISE=9999;FREQUENCY=2412;
01-05 14:32:27.554  1951  2164 E WifiConfigManager: updateConfiguration freq=2412 BSSID=54:25:ea:0f:71:bb RSSI=-60 "HUAWEI -ceshi"WPA_PSK
01-05 14:32:27.817   778   778 E Thermal-daemon: [Thermal_Hw] temperature_valid, battery : temperature is invalid, invalid temperatrue is 29
01-05 14:32:27.817   778   778 E Thermal-daemon: [Thermal_Hw] temperature_filter: get invalid temperature, use old temp
01-05 14:32:28.282 14220 14220 E wpa_supp: RSSI=-60;LINKSPEED=72;NOISE=9999;FREQUENCY=2412;
01-05 14:32:28.283  1951  2164 E WifiConfigManager: updateConfiguration freq=2412 BSSID=54:25:ea:0f:71:bb RSSI=-60 "HUAWEI -ceshi"WPA_PSK
01-05 14:32:29.924  1951  2205 E HwCHRWebMonitor: WebMonitor [mNetWorkIsSuck=0 mUIDIsSuck=]  WebSpeed [WEBSENDSEGS=0  WEBRESENDSEGS=0  WEBRECVSEGS=0  WEBERRSEGS=0  WEBOUTRSTS=0  WEBESTABLISRST=0  WEBRTTDURATION=0  WEBRTTSEGS=0  WEBSRTT=680  WEBSNDDUPACKS=0  SENDSEGS=0  RESENDSEGS=0  RECVSEGS=0  ERRSEGS=0  OUTRSTS=0  ESTABLISRST=0  RTTDURATION=0  RTTSEGS=0  SNDDUPACKS=0  suckTimes=0 recovage_times=0]
01-05 14:32:29.924  1951  2205 E HwCHRWifiRSSIGroupSummery: updateTcpSummery mRSSI:-60  HwCHRWifiRSSIGroup [rssi_index=4, rtt_tcp_packets=12969, rtt_tcp_duration=233402, rtt_lan_duration=1255, rtt_lan_failures=0, rtt_lan_succ=28, rtt_lan_max=543, rtt_lan_min=4,same_area_frequency=0,adjacent_area_frequency=0]
01-05 14:32:29.943  1951  2205 E HwCHRWebMonitor: HwCHRWifiPacketCnt [mTXGood=0, mTXbad=0, mRXGood=0] rssi=-60
01-05 14:32:29.943  1951  2205 E HwCHRWebMonitor: running processName=com.huawei.hidisk
01-05 14:32:31.301 14220 14220 E wpa_supp: RSSI=-61;LINKSPEED=72;NOISE=9999;FREQUENCY=2412;
01-05 14:32:31.302  1951  2164 E WifiConfigManager: updateConfiguration freq=2412 BSSID=54:25:ea:0f:71:bb RSSI=-60 "HUAWEI -ceshi"WPA_PSK
01-05 14:32:32.821   778   778 E Thermal-daemon: [Thermal_Hw] temperature_valid, battery : temperature is invalid, invalid temperatrue is 29
01-05 14:32:32.821   778   778 E Thermal-daemon: [Thermal_Hw] temperature_filter: get invalid temperature, use old temp
01-05 14:32:34.321 14220 14220 E wpa_supp: RSSI=-59;LINKSPEED=72;NOISE=9999;FREQUENCY=2412;
01-05 14:32:34.322  1951  2164 E WifiConfigManager: updateConfiguration freq=2412 BSSID=54:25:ea:0f:71:bb RSSI=-59 "HUAWEI -ceshi"WPA_PSK
01-05 14:32:34.931  1951  2205 E HwCHRWebMonitor: WebMonitor [mNetWorkIsSuck=0 mUIDIsSuck=]  WebSpeed [WEBSENDSEGS=0  WEBRESENDSEGS=0  WEBRECVSEGS=0  WEBERRSEGS=0  WEBOUTRSTS=0  WEBESTABLISRST=0  WEBRTTDURATION=0  WEBRTTSEGS=0  WEBSRTT=680  WEBSNDDUPACKS=0  SENDSEGS=0  RESENDSEGS=0  RECVSEGS=0  ERRSEGS=0  OUTRSTS=0  ESTABLISRST=0  RTTDURATION=0  RTTSEGS=0  SNDDUPACKS=0  suckTimes=0 recovage_times=0]
01-05 14:32:34.931  1951  2205 E HwCHRWifiRSSIGroupSummery: updateTcpSummery mRSSI:-59  HwCHRWifiRSSIGroup [rssi_index=4, rtt_tcp_packets=12969, rtt_tcp_duration=233402, rtt_lan_duration=1255, rtt_lan_failures=0, rtt_lan_succ=28, rtt_lan_max=543, rtt_lan_min=4,same_area_frequency=0,adjacent_area_frequency=0]
01-05 14:32:34.947  1951  2205 E HwCHRWebMonitor: HwCHRWifiPacketCnt [mTXGood=0, mTXbad=0, mRXGood=0] rssi=-59
01-05 14:32:34.948  1951  2205 E HwCHRWebMonitor: running processName=com.huawei.hidisk
01-05 14:32:35.564 14220 14220 E wpa_supp: RSSI=-59;LINKSPEED=72;NOISE=9999;FREQUENCY=2412;
01-05 14:32:35.565  1951  2164 E WifiConfigManager: updateConfiguration freq=2412 BSSID=54:25:ea:0f:71:bb RSSI=-59 "HUAWEI -ceshi"WPA_PSK
01-05 14:32:37.340 14220 14220 E wpa_supp: RSSI=-60;LINKSPEED=72;NOISE=9999;FREQUENCY=2412;
01-05 14:32:37.340  1951  2164 E WifiConfigManager: updateConfiguration freq=2412 BSSID=54:25:ea:0f:71:bb RSSI=-59 "HUAWEI -ceshi"WPA_PSK
01-05 14:32:37.825   778   778 E Thermal-daemon: [Thermal_Hw] temperature_valid, battery : temperature is invalid, invalid temperatrue is 29
01-05 14:32:37.825   778   778 E Thermal-daemon: [Thermal_Hw] temperature_filter: get invalid temperature, use old temp
01-05 14:32:39.939  1951  2205 E HwCHRWebMonitor: WebMonitor [mNetWorkIsSuck=0 mUIDIsSuck=]  WebSpeed [WEBSENDSEGS=0  WEBRESENDSEGS=0  WEBRECVSEGS=0  WEBERRSEGS=0  WEBOUTRSTS=0  WEBESTABLISRST=0  WEBRTTDURATION=0  WEBRTTSEGS=0  WEBSRTT=680  WEBSNDDUPACKS=0  SENDSEGS=0  RESENDSEGS=0  RECVSEGS=0  ERRSEGS=0  OUTRSTS=0  ESTABLISRST=0  RTTDURATION=0  RTTSEGS=0  SNDDUPACKS=0  suckTimes=0 recovage_times=0]
01-05 14:32:39.939  1951  2205 E HwCHRWifiRSSIGroupSummery: updateTcpSummery mRSSI:-60  HwCHRWifiRSSIGroup [rssi_index=4, rtt_tcp_packets=12969, rtt_tcp_duration=233402, rtt_lan_duration=1255, rtt_lan_failures=0, rtt_lan_succ=28, rtt_lan_max=543, rtt_lan_min=4,same_area_frequency=0,adjacent_area_frequency=0]
01-05 14:32:39.963  1951  2205 E HwCHRWebMonitor: HwCHRWifiPacketCnt [mTXGood=0, mTXbad=0, mRXGood=0] rssi=-60
01-05 14:32:39.964  1951  2205 E HwCHRWebMonitor: running processName=com.huawei.hidisk
01-05 14:32:40.382 14220 14220 E wpa_supp: RSSI=-61;LINKSPEED=72;NOISE=9999;FREQUENCY=2412;
01-05 14:32:40.382  1951  2164 E WifiConfigManager: updateConfiguration freq=2412 BSSID=54:25:ea:0f:71:bb RSSI=-60 "HUAWEI -ceshi"WPA_PSK
